
Allocating common symbols
Common symbol       size              file

global_rules_shadow
                    0x630             obj/kern/libdwarf_frame.o
ismp                0x4               obj/kern/mpconfig.o
lapicaddr           0x8               obj/kern/lapic.o
ts                  0x68              obj/kern/trap.o
end_debug           0x8               obj/kern/init.o
mydebug             0x60              obj/kern/kdebug.o
panicstr            0x8               obj/kern/init.o
boot_cr3            0x8               obj/kern/pmap.o
mpentry_kstack      0x8               obj/kern/init.o
cpus                0x3c0             obj/kern/mpconfig.o
global_std_op       0x200             obj/kern/libdwarf_lineno.o
lapic               0x8               obj/kern/lapic.o
bootcpu             0x8               obj/kern/mpconfig.o
_cie                0x78              obj/kern/kdebug.o
global_rules        0x630             obj/kern/libdwarf_frame.o
boot_pml4e          0x8               obj/kern/pmap.o
ncpu                0x4               obj/kern/mpconfig.o
_fde                0x80              obj/kern/kdebug.o
npages              0x8               obj/kern/pmap.o
pages               0x8               obj/kern/pmap.o
percpu_kstacks      0x80000           obj/kern/mpconfig.o

Discarded input sections

 .note.GNU-stack
                0x0000000000000000        0x0 obj/kern/init.o
 .note.GNU-stack
                0x0000000000000000        0x0 obj/kern/console.o
 .note.GNU-stack
                0x0000000000000000        0x0 obj/kern/monitor.o
 .note.GNU-stack
                0x0000000000000000        0x0 obj/kern/pmap.o
 .note.GNU-stack
                0x0000000000000000        0x0 obj/kern/env.o
 .note.GNU-stack
                0x0000000000000000        0x0 obj/kern/kclock.o
 .note.GNU-stack
                0x0000000000000000        0x0 obj/kern/picirq.o
 .note.GNU-stack
                0x0000000000000000        0x0 obj/kern/printf.o
 .note.GNU-stack
                0x0000000000000000        0x0 obj/kern/trap.o
 .note.GNU-stack
                0x0000000000000000        0x0 obj/kern/sched.o
 .note.GNU-stack
                0x0000000000000000        0x0 obj/kern/syscall.o
 .note.GNU-stack
                0x0000000000000000        0x0 obj/kern/kdebug.o
 .note.GNU-stack
                0x0000000000000000        0x0 obj/kern/printfmt.o
 .note.GNU-stack
                0x0000000000000000        0x0 obj/kern/readline.o
 .note.GNU-stack
                0x0000000000000000        0x0 obj/kern/string.o
 .note.GNU-stack
                0x0000000000000000        0x0 obj/kern/libdwarf_rw.o
 .note.GNU-stack
                0x0000000000000000        0x0 obj/kern/libdwarf_frame.o
 .note.GNU-stack
                0x0000000000000000        0x0 obj/kern/libdwarf_lineno.o
 .note.GNU-stack
                0x0000000000000000        0x0 obj/kern/elf_rw.o
 .note.GNU-stack
                0x0000000000000000        0x0 obj/kern/mpconfig.o
 .note.GNU-stack
                0x0000000000000000        0x0 obj/kern/lapic.o
 .note.GNU-stack
                0x0000000000000000        0x0 obj/kern/spinlock.o

Memory Configuration

Name             Origin             Length             Attributes
*default*        0x0000000000000000 0xffffffffffffffff

Linker script and memory map

                0x0000000000100000                . = 0x100000

.bootstrap      0x0000000000100000     0x7004
 obj/kern/bootstrap.o(.text .data .bss)
 .text          0x0000000000100000      0x115 obj/kern/bootstrap.o
                0x0000000000100000                _head64
                0x00000000001000e5                jumpto_longmode
 *fill*         0x0000000000100115      0xeeb 
 .data          0x0000000000101000     0x6004 obj/kern/bootstrap.o
                0x0000000000102000                pml4phys
                0x0000000000107000                multiboot_info
 .bss           0x0000000000107004        0x0 obj/kern/bootstrap.o
                0x0000008004200000                . = 0x8004200000

.text           0x0000008004200000    0x1513d load address 0x0000000000200000
 *(EXCLUDE_FILE(obj/kern/bootstrap.o) .text .stub .text.* .gnu.linkonce.t.*)
 .text          0x0000008004200000       0x58 obj/kern/entry.o
                0x000000800420000c                entry
                0x000000000020000c                _start
 .text          0x0000008004200058      0x67a obj/kern/init.o
                0x0000008004200099                i386_init
                0x00000080042003e8                mp_main
                0x00000080042004ae                _panic
                0x00000080042005e5                _warn
 .text          0x00000080042006d2      0xb58 obj/kern/console.o
                0x0000008004200762                serial_intr
                0x0000008004200fb1                kbd_intr
                0x000000800420108b                cons_getc
                0x000000800420117f                cons_init
                0x00000080042011d8                cputchar
                0x00000080042011f6                getchar
                0x0000008004201218                iscons
 .text          0x000000800420122a     0x104e obj/kern/monitor.o
                0x000000800420122a                get_pml4e
                0x00000080042012b3                mon_help
                0x000000800420134a                mon_kerninfo
                0x00000080042014d8                mon_backtrace
                0x00000080042016f2                mon_showmm
                0x00000080042018e4                mon_setperm
                0x0000008004201ba7                mon_dumpm
                0x0000008004201e3d                mon_continue
                0x0000008004201ed7                mon_si
                0x00000080042021bc                monitor
 .text          0x0000008004202278     0x597f obj/kern/pmap.o
                0x0000008004202420                check_pc
                0x0000008004202dfe                x64_vm_init
                0x0000008004203346                page_init
                0x00000080042034f4                page_alloc
                0x00000080042035af                page_free
                0x000000800420362e                page_decref
                0x000000800420366f                pml4e_walk
                0x0000008004203831                pdpe_walk
                0x00000080042039ae                pgdir_walk
                0x0000008004203bb4                page_insert
                0x0000008004203ce0                page_lookup
                0x0000008004203d64                page_remove
                0x0000008004203de4                tlb_invalidate
                0x0000008004203eb5                mmio_map_region
                0x0000008004203faa                user_mem_check
                0x00000080042040ba                user_mem_assert
 .text          0x0000008004207bf7     0x12cb obj/kern/env.o
                0x0000008004207d5c                envid2env
                0x0000008004207ec9                env_init
                0x0000008004207f5b                env_init_percpu
                0x00000080042080e8                free_num
                0x0000008004208129                env_alloc
                0x0000008004208400                load_icode
                0x000000800420857f                env_create
                0x000000800420866e                env_free
                0x0000008004208afb                env_destroy
                0x0000008004208bed                env_pop_tf
                0x0000008004208cca                env_run
 .text          0x0000008004208ec2       0x7c obj/kern/kclock.o
                0x0000008004208ec2                mc146818_read
                0x0000008004208efe                mc146818_write
 .text          0x0000008004208f3e      0x243 obj/kern/picirq.o
                0x0000008004208f3e                pic_init
                0x0000008004209090                irq_setmask_8259A
 .text          0x0000008004209181      0x165 obj/kern/printf.o
                0x00000080042091af                vcprintf
                0x000000800420920e                cprintf
 .text          0x00000080042092e6     0x1be5 obj/kern/trap.o
                0x0000008004209386                trap_init
                0x0000008004209d2f                trap_init_percpu
                0x000000800420a0f9                print_trapframe
                0x000000800420a40a                print_regs
                0x000000800420a7f9                trap
                0x000000800420ab63                page_fault_handler
 *fill*         0x000000800420aecb        0x1 
 .text          0x000000800420aecc      0x1b2 obj/kern/trapentry.o
                0x000000800420aecc                TH_divide
                0x000000800420aed6                TH_debug
                0x000000800420aee0                TH_nmi
                0x000000800420aeea                TH_brkpt
                0x000000800420aef4                TH_oflow
                0x000000800420aefe                TH_bound
                0x000000800420af08                TH_illop
                0x000000800420af12                TH_device
                0x000000800420af1c                TH_dblflt
                0x000000800420af24                TH_coproc
                0x000000800420af2e                TH_tss
                0x000000800420af36                TH_segnp
                0x000000800420af3e                TH_stack
                0x000000800420af46                TH_gpflt
                0x000000800420af4e                TH_pgflt
                0x000000800420af56                TH_res
                0x000000800420af60                TH_fperr
                0x000000800420af6a                TH_align
                0x000000800420af72                TH_mchk
                0x000000800420af7c                TH_simderr
                0x000000800420af86                TH_syscall
                0x000000800420af8c                TH_default
                0x000000800420af96                TH_irq_timer
                0x000000800420af9c                TH_irq_kbd
                0x000000800420afa2                TH_irq_2
                0x000000800420afa8                TH_irq_3
                0x000000800420afae                TH_irq_serial
                0x000000800420afb4                TH_irq_5
                0x000000800420afba                TH_irq_6
                0x000000800420afc0                TH_irq_spurious
                0x000000800420afc6                TH_irq_8
                0x000000800420afcc                TH_irq_9
                0x000000800420afd2                TH_irq_10
                0x000000800420afd8                TH_irq_11
                0x000000800420afde                TH_irq_12
                0x000000800420afe4                TH_irq_13
                0x000000800420afea                TH_irq_ide
                0x000000800420aff0                TH_irq_15
                0x000000800420aff6                sysenter_handler
 .text          0x000000800420b07e      0x466 obj/kern/sched.o
                0x000000800420b0c1                sched_yield
                0x000000800420b2c6                sched_halt
 .text          0x000000800420b4e4      0xb14 obj/kern/syscall.o
                0x000000800420bdd6                syscall
                0x000000800420bfd2                stub_sys
 .text          0x000000800420bff8      0xc33 obj/kern/kdebug.o
                0x000000800420bff8                list_func_die
                0x000000800420c75e                debuginfo_rip
 .text          0x000000800420cc2b      0xa71 obj/kern/printfmt.o
                0x000000800420cf06                vprintfmt
                0x000000800420d41e                printfmt
                0x000000800420d51e                vsnprintf
                0x000000800420d5bb                snprintf
 .text          0x000000800420d69c      0x155 obj/kern/readline.o
                0x000000800420d69c                readline
 .text          0x000000800420d7f1      0x7c5 obj/kern/string.o
                0x000000800420d7f1                strlen
                0x000000800420d81f                strnlen
                0x000000800420d85d                strcpy
                0x000000800420d8a0                strcat
                0x000000800420d8ef                strncpy
                0x000000800420d94f                strlcpy
                0x000000800420d9bf                strcmp
                0x000000800420da12                strncmp
                0x000000800420da83                strchr
                0x000000800420dabf                strfind
                0x000000800420daf6                memset
                0x000000800420db81                memmove
                0x000000800420dc98                memcpy
                0x000000800420dccc                memcmp
                0x000000800420dd40                memfind
                0x000000800420dd89                strtol
                0x000000800420df1b                strstr
 .text          0x000000800420dfb6     0x1f4d obj/kern/libdwarf_rw.o
                0x000000800420dfb6                _dwarf_read_lsb
                0x000000800420e0e2                _dwarf_decode_lsb
                0x000000800420e203                _dwarf_read_msb
                0x000000800420e3b5                _dwarf_decode_msb
                0x000000800420e564                _dwarf_read_sleb128
                0x000000800420e608                _dwarf_read_uleb128
                0x000000800420e687                _dwarf_decode_sleb128
                0x000000800420e719                _dwarf_decode_uleb128
                0x000000800420e786                _dwarf_read_string
                0x000000800420e815                _dwarf_read_block
                0x000000800420e85e                _dwarf_elf_get_byte_order
                0x000000800420e8cc                _dwarf_elf_get_pointer_size
                0x000000800420e936                _dwarf_init
                0x000000800420ea18                _get_next_cu
                0x000000800420ebb3                print_cu
                0x000000800420ebea                _dwarf_abbrev_parse
                0x000000800420ee6d                _dwarf_abbrev_find
                0x000000800420ef9e                _dwarf_attr_init
                0x000000800420f62f                dwarf_search_die_within_cu
                0x000000800420f928                dwarf_offdie
                0x000000800420fa2b                _dwarf_attr_find
                0x000000800420fabe                dwarf_siblingof
                0x000000800420fd02                dwarf_child
                0x000000800420fea6                _dwarf_find_section_enhanced
 .text          0x000000800420ff03     0x257f obj/kern/libdwarf_frame.o
                0x000000800420ff03                _dwarf_frame_params_init
                0x000000800420ff43                dwarf_get_fde_at_pc
                0x0000008004210015                _dwarf_frame_regtable_copy
                0x0000008004210fc2                _dwarf_frame_get_internal_table
                0x000000800421124f                dwarf_get_fde_info_for_all_regs
                0x00000080042120f1                _dwarf_frame_interal_table_init
                0x00000080042123aa                dwarf_set_frame_cfa_value
                0x00000080042123da                dwarf_init_eh_section
 .text          0x0000008004212482      0xd4b obj/kern/libdwarf_lineno.o
                0x0000008004212ade                _dwarf_lineno_init
                0x0000008004213052                dwarf_srclines
 .text          0x00000080042131cd      0xd12 obj/kern/elf_rw.o
                0x00000080042131cd                _dwarf_find_section
                0x000000800421324d                find_debug_sections
                0x0000008004213516                read_section_headers
                0x0000008004213c55                readseg
                0x0000008004213db9                waitdisk
                0x0000008004213de5                readsect
 *fill*         0x0000008004213edf        0x1 
 .text          0x0000008004213ee0       0xe7 obj/kern/mpentry.o
                0x0000008004213ee0                mpentry_start
                0x0000008004213fc6                mpentry_end
 .text          0x0000008004213fc7      0x891 obj/kern/mpconfig.o
                0x000000800421449d                mp_init
 .text          0x0000008004214858      0x473 obj/kern/lapic.o
                0x000000800421489a                lapic_init
                0x0000008004214a91                cpunum
                0x0000008004214ac6                lapic_eoi
                0x0000008004214b01                lapic_startap
                0x0000008004214c84                lapic_ipi
 .text          0x0000008004214ccb      0x472 obj/kern/spinlock.o
                0x0000008004214de8                __spin_initlock
                0x0000008004214e1c                spin_lock
                0x0000008004214ef3                spin_unlock
                0x000000800421513d                PROVIDE (etext, .)

.iplt           0x0000008004215140        0x0 load address 0x0000000000215140
 .iplt          0x0000000000000000        0x0 obj/kern/bootstrap.o

.rodata         0x0000008004215140     0x3241 load address 0x0000000000215140
 *(EXCLUDE_FILE(obj/kern/bootstrap.o) .rodata .rodata.* .gnu.linkonce.r.*)
 .rodata        0x0000008004215140       0xce obj/kern/init.o
 .rodata        0x000000800421520e       0x29 obj/kern/console.o
 *fill*         0x0000008004215237        0x9 
 .rodata        0x0000008004215240      0x8bd obj/kern/monitor.o
 *fill*         0x0000008004215afd        0x3 
 .rodata        0x0000008004215b00      0xf24 obj/kern/pmap.o
 *fill*         0x0000008004216a24        0x4 
 .rodata        0x0000008004216a28      0x113 obj/kern/env.o
 .rodata        0x0000008004216b3b       0x1a obj/kern/picirq.o
 *fill*         0x0000008004216b55        0xb 
 .rodata        0x0000008004216b60      0x640 obj/kern/trap.o
 .rodata        0x00000080042171a0       0x61 obj/kern/sched.o
 *fill*         0x0000008004217201        0x7 
 .rodata        0x0000008004217208       0x78 obj/kern/syscall.o
 .rodata        0x0000008004217280      0x378 obj/kern/kdebug.o
 *fill*         0x00000080042175f8        0x8 
 .rodata        0x0000008004217600      0x4c8 obj/kern/printfmt.o
 .rodata        0x0000008004217ac8       0x13 obj/kern/readline.o
 *fill*         0x0000008004217adb        0x5 
 .rodata        0x0000008004217ae0      0x1ab obj/kern/libdwarf_rw.o
 *fill*         0x0000008004217c8b        0x5 
 .rodata        0x0000008004217c90      0x1d8 obj/kern/libdwarf_frame.o
 .rodata        0x0000008004217e68       0xc3 obj/kern/libdwarf_lineno.o
 .rodata        0x0000008004217f2b       0xa4 obj/kern/elf_rw.o
 *fill*         0x0000008004217fcf        0x1 
 .rodata        0x0000008004217fd0      0x289 obj/kern/mpconfig.o
 *fill*         0x0000008004218259        0x7 
 .rodata        0x0000008004218260       0x30 obj/kern/lapic.o
 .rodata        0x0000008004218290       0xf1 obj/kern/spinlock.o

.eh_frame       0x0000008004218388     0x1c40 load address 0x0000000000218388
 .eh_frame      0x0000008004218388       0xf8 obj/kern/init.o
                                         0xf0 (size before relaxing)
 .eh_frame      0x0000008004218480      0x240 obj/kern/console.o
                                        0x258 (size before relaxing)
 .eh_frame      0x00000080042186c0      0x160 obj/kern/monitor.o
                                        0x178 (size before relaxing)
 .eh_frame      0x0000008004218820      0x458 obj/kern/pmap.o
                                        0x468 (size before relaxing)
 .eh_frame      0x0000008004218c78      0x250 obj/kern/env.o
                                        0x260 (size before relaxing)
 .eh_frame      0x0000008004218ec8       0x40 obj/kern/kclock.o
                                         0x58 (size before relaxing)
 .eh_frame      0x0000008004218f08       0x40 obj/kern/picirq.o
                                         0x58 (size before relaxing)
 .eh_frame      0x0000008004218f48       0x60 obj/kern/printf.o
                                         0x78 (size before relaxing)
 .eh_frame      0x0000008004218fa8      0x150 obj/kern/trap.o
                                        0x168 (size before relaxing)
 .eh_frame      0x00000080042190f8       0x80 obj/kern/sched.o
                                         0x98 (size before relaxing)
 .eh_frame      0x0000008004219178      0x218 obj/kern/syscall.o
                                        0x228 (size before relaxing)
 .eh_frame      0x0000008004219390       0x48 obj/kern/kdebug.o
                                         0x60 (size before relaxing)
 .eh_frame      0x00000080042193d8      0x118 obj/kern/printfmt.o
                                        0x128 (size before relaxing)
 .eh_frame      0x00000080042194f0       0x20 obj/kern/readline.o
                                         0x38 (size before relaxing)
 .eh_frame      0x0000008004219510      0x220 obj/kern/string.o
                                        0x238 (size before relaxing)
 .eh_frame      0x0000008004219730      0x308 obj/kern/libdwarf_rw.o
                                        0x320 (size before relaxing)
 .eh_frame      0x0000008004219a38      0x1d0 obj/kern/libdwarf_frame.o
                                        0x1e8 (size before relaxing)
 .eh_frame      0x0000008004219c08       0x98 obj/kern/libdwarf_lineno.o
                                         0xb0 (size before relaxing)
 .eh_frame      0x0000008004219ca0       0xc0 obj/kern/elf_rw.o
                                         0xd8 (size before relaxing)
 .eh_frame      0x0000008004219d60       0xa8 obj/kern/mpconfig.o
                                         0xc0 (size before relaxing)
 .eh_frame      0x0000008004219e08       0xe0 obj/kern/lapic.o
                                         0xf8 (size before relaxing)
 .eh_frame      0x0000008004219ee8       0xe0 obj/kern/spinlock.o
                                         0xf0 (size before relaxing)

.rela.dyn       0x0000008004219fc8        0x0 load address 0x0000000000219fc8
 .rela.iplt     0x0000000000000000        0x0 obj/kern/bootstrap.o
 .rela.text     0x0000000000000000        0x0 obj/kern/bootstrap.o
 .rela.data     0x0000000000000000        0x0 obj/kern/bootstrap.o
                0x000000800421a000                . = ALIGN (0x1000)

.data           0x000000800421a000   0x282c2e load address 0x000000000021a000
 *(EXCLUDE_FILE(obj/kern/bootstrap.o) .data)
 .data          0x000000800421a000    0x10042 obj/kern/entry.o
                0x000000800421a000                bootstack
                0x000000800422a000                kernel_64
                0x000000800422a000                bootstacktop
                0x000000800422a038                gdtdesc_64
 .data          0x000000800422a042        0x0 obj/kern/init.o
 *fill*         0x000000800422a042       0x1e 
 .data          0x000000800422a060      0x520 obj/kern/console.o
 .data          0x000000800422a580       0xc0 obj/kern/monitor.o
 .data          0x000000800422a640        0x8 obj/kern/pmap.o
 *fill*         0x000000800422a648       0x18 
 .data          0x000000800422a660       0xb2 obj/kern/env.o
                0x000000800422a660                gdt
                0x000000800422a708                gdt_pd
 .data          0x000000800422a712        0x0 obj/kern/kclock.o
 .data          0x000000800422a712        0x2 obj/kern/picirq.o
                0x000000800422a712                irq_mask_8259A
 .data          0x000000800422a714        0x0 obj/kern/printf.o
 .data          0x000000800422a714        0x0 obj/kern/trap.o
 .data          0x000000800422a714      0x130 obj/kern/trapentry.o
                0x000000800422a714                handlers
 .data          0x000000800422a844        0x0 obj/kern/sched.o
 .data          0x000000800422a844        0x0 obj/kern/syscall.o
 *fill*         0x000000800422a844        0x4 
 .data          0x000000800422a848       0x18 obj/kern/kdebug.o
                0x000000800422a848                fde
                0x000000800422a850                cie
                0x000000800422a858                dbg
 .data          0x000000800422a860        0x0 obj/kern/printfmt.o
 .data          0x000000800422a860        0x0 obj/kern/readline.o
 .data          0x000000800422a860        0x0 obj/kern/string.o
 .data          0x000000800422a860        0x0 obj/kern/libdwarf_rw.o
 .data          0x000000800422a860       0x20 obj/kern/libdwarf_frame.o
                0x000000800422a860                debug_frame_sec
 .data          0x000000800422a880        0x0 obj/kern/libdwarf_lineno.o
 .data          0x000000800422a880       0xa0 obj/kern/elf_rw.o
                0x000000800422a880                section_info
 .data          0x000000800422a920        0x0 obj/kern/mpentry.o
 .data          0x000000800422a920        0x0 obj/kern/mpconfig.o
 .data          0x000000800422a920        0x0 obj/kern/lapic.o
 .data          0x000000800422a920       0x68 obj/kern/spinlock.o
                0x000000800422a920                kernel_lock
 .data          0x000000800422a988    0x11a38 obj/user/hello
                0x000000800422a988                _binary_obj_user_hello_start
                0x000000800423c3c0                _binary_obj_user_hello_end
 .data          0x000000800423c3c0    0x115e7 obj/user/idle
                0x000000800423c3c0                _binary_obj_user_idle_start
                0x000000800424d9a7                _binary_obj_user_idle_end
 .data          0x000000800424d9a7    0x11a68 obj/user/yield
                0x000000800424d9a7                _binary_obj_user_yield_start
                0x000000800425f40f                _binary_obj_user_yield_end
 .data          0x000000800425f40f    0x11ef0 obj/user/dumbfork
                0x000000800425f40f                _binary_obj_user_dumbfork_start
                0x00000080042712ff                _binary_obj_user_dumbfork_end
 .data          0x00000080042712ff    0x13fe7 obj/user/stresssched
                0x00000080042712ff                _binary_obj_user_stresssched_start
                0x00000080042852e6                _binary_obj_user_stresssched_end
 .data          0x00000080042852e6    0x11e3a obj/user/faultdie
                0x00000080042852e6                _binary_obj_user_faultdie_start
                0x0000008004297120                _binary_obj_user_faultdie_end
 .data          0x0000008004297120    0x13142 obj/user/faultregs
                0x0000008004297120                _binary_obj_user_faultregs_start
                0x00000080042aa262                _binary_obj_user_faultregs_end
 .data          0x00000080042aa262    0x11e5c obj/user/faultalloc
                0x00000080042aa262                _binary_obj_user_faultalloc_start
                0x00000080042bc0be                _binary_obj_user_faultalloc_end
 .data          0x00000080042bc0be    0x11e67 obj/user/faultallocbad
                0x00000080042bc0be                _binary_obj_user_faultallocbad_start
                0x00000080042cdf25                _binary_obj_user_faultallocbad_end
 .data          0x00000080042cdf25    0x11b7e obj/user/faultnostack
                0x00000080042cdf25                _binary_obj_user_faultnostack_start
                0x00000080042dfaa3                _binary_obj_user_faultnostack_end
 .data          0x00000080042dfaa3    0x115e2 obj/user/faultbadhandler
                0x00000080042dfaa3                _binary_obj_user_faultbadhandler_start
                0x00000080042f1085                _binary_obj_user_faultbadhandler_end
 .data          0x00000080042f1085    0x115d3 obj/user/faultevilhandler
                0x00000080042f1085                _binary_obj_user_faultevilhandler_start
                0x0000008004302658                _binary_obj_user_faultevilhandler_end
 .data          0x0000008004302658    0x13bf7 obj/user/forktree
                0x0000008004302658                _binary_obj_user_forktree_start
                0x000000800431624f                _binary_obj_user_forktree_end
 .data          0x000000800431624f    0x13f3e obj/user/sendpage
                0x000000800431624f                _binary_obj_user_sendpage_start
                0x000000800432a18d                _binary_obj_user_sendpage_end
 .data          0x000000800432a18d    0x13a58 obj/user/spin
                0x000000800432a18d                _binary_obj_user_spin_start
                0x000000800433dbe5                _binary_obj_user_spin_end
 .data          0x000000800433dbe5    0x11a9b obj/user/fairness
                0x000000800433dbe5                _binary_obj_user_fairness_start
                0x000000800434f680                _binary_obj_user_fairness_end
 .data          0x000000800434f680    0x12a8c obj/user/pingpong
                0x000000800434f680                _binary_obj_user_pingpong_start
                0x000000800436210c                _binary_obj_user_pingpong_end
 .data          0x000000800436210c    0x13ef9 obj/user/pingpongs
                0x000000800436210c                _binary_obj_user_pingpongs_start
                0x0000008004376005                _binary_obj_user_pingpongs_end
 .data          0x0000008004376005    0x13fbc obj/user/primes
                0x0000008004376005                _binary_obj_user_primes_start
                0x0000008004389fc1                _binary_obj_user_primes_end
 .data          0x0000008004389fc1    0x12ee5 obj/user/testfile
                0x0000008004389fc1                _binary_obj_user_testfile_start
                0x000000800439cea6                _binary_obj_user_testfile_end
 .data          0x000000800439cea6    0x11674 obj/user/writemotd
                0x000000800439cea6                _binary_obj_user_writemotd_start
                0x00000080043ae51a                _binary_obj_user_writemotd_end
 .data          0x00000080043ae51a    0x13fa3 obj/user/spawnhello
                0x00000080043ae51a                _binary_obj_user_spawnhello_start
                0x00000080043c24bd                _binary_obj_user_spawnhello_end
 .data          0x00000080043c24bd    0x13bc6 obj/user/icode
                0x00000080043c24bd                _binary_obj_user_icode_start
                0x00000080043d6083                _binary_obj_user_icode_end
 .data          0x00000080043d6083    0x2323e obj/fs/fs
                0x00000080043d6083                _binary_obj_fs_fs_start
                0x00000080043f92c1                _binary_obj_fs_fs_end
 .data          0x00000080043f92c1    0x16828 obj/user/testpteshare
                0x00000080043f92c1                _binary_obj_user_testpteshare_start
                0x000000800440fae9                _binary_obj_user_testpteshare_end
 .data          0x000000800440fae9    0x142be obj/user/testfdsharing
                0x000000800440fae9                _binary_obj_user_testfdsharing_start
                0x0000008004423da7                _binary_obj_user_testfdsharing_end
 .data          0x0000008004423da7    0x146d4 obj/user/testpipe
                0x0000008004423da7                _binary_obj_user_testpipe_start
                0x000000800443847b                _binary_obj_user_testpipe_end
 .data          0x000000800443847b    0x14078 obj/user/testpiperace
                0x000000800443847b                _binary_obj_user_testpiperace_start
                0x000000800444c4f3                _binary_obj_user_testpiperace_end
 .data          0x000000800444c4f3    0x14049 obj/user/testpiperace2
                0x000000800444c4f3                _binary_obj_user_testpiperace2_start
                0x000000800446053c                _binary_obj_user_testpiperace2_end
 .data          0x000000800446053c    0x13c18 obj/user/primespipe
                0x000000800446053c                _binary_obj_user_primespipe_start
                0x0000008004474154                _binary_obj_user_primespipe_end
 .data          0x0000008004474154    0x12235 obj/user/testkbd
                0x0000008004474154                _binary_obj_user_testkbd_start
                0x0000008004486389                _binary_obj_user_testkbd_end
 .data          0x0000008004486389    0x168a5 obj/user/testshell
                0x0000008004486389                _binary_obj_user_testshell_start
                0x000000800449cc2e                _binary_obj_user_testshell_end
                0x000000800449cc2e                PROVIDE (edata, .)

.igot.plt       0x000000800449cc30        0x0 load address 0x000000000049cc30
 .igot.plt      0x0000000000000000        0x0 obj/kern/bootstrap.o

.bss            0x000000800449d000    0x84010 load address 0x000000000049d000
 *(EXCLUDE_FILE(obj/kern/bootstrap.o) .bss)
 .bss           0x000000800449d000        0x0 obj/kern/entry.o
 .bss           0x000000800449d000        0x0 obj/kern/init.o
 .bss           0x000000800449d000      0x22c obj/kern/console.o
 .bss           0x000000800449d22c        0x0 obj/kern/monitor.o
 *fill*         0x000000800449d22c        0x4 
 .bss           0x000000800449d230       0x20 obj/kern/pmap.o
 .bss           0x000000800449d250       0x10 obj/kern/env.o
                0x000000800449d250                envs
 .bss           0x000000800449d260        0x0 obj/kern/kclock.o
 .bss           0x000000800449d260        0x1 obj/kern/picirq.o
 .bss           0x000000800449d261        0x0 obj/kern/printf.o
 *fill*         0x000000800449d261       0x1f 
 .bss           0x000000800449d280     0x1018 obj/kern/trap.o
                0x000000800449d280                idt
                0x000000800449e280                idt_pd
 .bss           0x000000800449e298        0x0 obj/kern/trapentry.o
 .bss           0x000000800449e298        0x0 obj/kern/sched.o
 .bss           0x000000800449e298        0x0 obj/kern/syscall.o
 .bss           0x000000800449e298        0x8 obj/kern/kdebug.o
 .bss           0x000000800449e2a0        0x0 obj/kern/printfmt.o
 .bss           0x000000800449e2a0      0x400 obj/kern/readline.o
 .bss           0x000000800449e6a0        0x0 obj/kern/string.o
 .bss           0x000000800449e6a0        0x0 obj/kern/libdwarf_rw.o
 .bss           0x000000800449e6a0       0x68 obj/kern/libdwarf_frame.o
                0x000000800449e6a0                global_rt_table
                0x000000800449e6e0                global_rt_table_shadow
 .bss           0x000000800449e708        0x0 obj/kern/libdwarf_lineno.o
 .bss           0x000000800449e708        0x0 obj/kern/elf_rw.o
 .bss           0x000000800449e708        0x0 obj/kern/mpentry.o
 .bss           0x000000800449e708        0x0 obj/kern/mpconfig.o
 .bss           0x000000800449e708        0x0 obj/kern/lapic.o
 .bss           0x000000800449e708        0x0 obj/kern/spinlock.o
 COMMON         0x000000800449e708       0x18 obj/kern/init.o
                0x000000800449e708                end_debug
                0x000000800449e710                panicstr
                0x000000800449e718                mpentry_kstack
 COMMON         0x000000800449e720       0x20 obj/kern/pmap.o
                0x000000800449e720                boot_cr3
                0x000000800449e728                boot_pml4e
                0x000000800449e730                npages
                0x000000800449e738                pages
 COMMON         0x000000800449e740       0x68 obj/kern/trap.o
                0x000000800449e740                ts
 *fill*         0x000000800449e7a8       0x18 
 COMMON         0x000000800449e7c0      0x160 obj/kern/kdebug.o
                0x000000800449e7c0                mydebug
                0x000000800449e820                _cie
                0x000000800449e8a0                _fde
 COMMON         0x000000800449e920      0xc70 obj/kern/libdwarf_frame.o
                0x000000800449e920                global_rules_shadow
                0x000000800449ef60                global_rules
 *fill*         0x000000800449f590       0x10 
 COMMON         0x000000800449f5a0      0x200 obj/kern/libdwarf_lineno.o
                0x000000800449f5a0                global_std_op
 *fill*         0x000000800449f7a0      0x860 
 COMMON         0x00000080044a0000    0x81000 obj/kern/mpconfig.o
                0x00000080044a0000                ismp
                0x00000080044a0020                cpus
                0x00000080044a03e0                bootcpu
                0x00000080044a03e8                ncpu
                0x00000080044a1000                percpu_kstacks
 COMMON         0x0000008004521000       0x10 obj/kern/lapic.o
                0x0000008004521000                lapicaddr
                0x0000008004521008                lapic
                0x0000008004521010                PROVIDE (end, .)

.debug
 *(.debug)

.line
 *(.line)

.debug_srcinfo
 *(.debug_srcinfo)

.debug_sfnames
 *(.debug_sfnames)

.debug_aranges  0x0000000000000000      0x4e0
 *(.debug_aranges)
 .debug_aranges
                0x0000000000000000       0x30 obj/kern/bootstrap.o
 .debug_aranges
                0x0000000000000030       0x30 obj/kern/entry.o
 .debug_aranges
                0x0000000000000060       0x30 obj/kern/init.o
 .debug_aranges
                0x0000000000000090       0x30 obj/kern/console.o
 .debug_aranges
                0x00000000000000c0       0x30 obj/kern/monitor.o
 .debug_aranges
                0x00000000000000f0       0x30 obj/kern/pmap.o
 .debug_aranges
                0x0000000000000120       0x30 obj/kern/env.o
 .debug_aranges
                0x0000000000000150       0x30 obj/kern/kclock.o
 .debug_aranges
                0x0000000000000180       0x30 obj/kern/picirq.o
 .debug_aranges
                0x00000000000001b0       0x30 obj/kern/printf.o
 .debug_aranges
                0x00000000000001e0       0x30 obj/kern/trap.o
 .debug_aranges
                0x0000000000000210       0x30 obj/kern/trapentry.o
 .debug_aranges
                0x0000000000000240       0x30 obj/kern/sched.o
 .debug_aranges
                0x0000000000000270       0x30 obj/kern/syscall.o
 .debug_aranges
                0x00000000000002a0       0x30 obj/kern/kdebug.o
 .debug_aranges
                0x00000000000002d0       0x30 obj/kern/printfmt.o
 .debug_aranges
                0x0000000000000300       0x30 obj/kern/readline.o
 .debug_aranges
                0x0000000000000330       0x30 obj/kern/string.o
 .debug_aranges
                0x0000000000000360       0x30 obj/kern/libdwarf_rw.o
 .debug_aranges
                0x0000000000000390       0x30 obj/kern/libdwarf_frame.o
 .debug_aranges
                0x00000000000003c0       0x30 obj/kern/libdwarf_lineno.o
 .debug_aranges
                0x00000000000003f0       0x30 obj/kern/elf_rw.o
 .debug_aranges
                0x0000000000000420       0x30 obj/kern/mpentry.o
 .debug_aranges
                0x0000000000000450       0x30 obj/kern/mpconfig.o
 .debug_aranges
                0x0000000000000480       0x30 obj/kern/lapic.o
 .debug_aranges
                0x00000000000004b0       0x30 obj/kern/spinlock.o

.debug_pubnames
 *(.debug_pubnames)

.debug_info     0x0000000000000000    0x101d7
 *(.debug_info .gnu.linkonce.wi.*)
 .debug_info    0x0000000000000000       0x66 obj/kern/bootstrap.o
 .debug_info    0x0000000000000066       0x62 obj/kern/entry.o
 .debug_info    0x00000000000000c8      0xa71 obj/kern/init.o
 .debug_info    0x0000000000000b39      0xcb0 obj/kern/console.o
 .debug_info    0x00000000000017e9      0xf4c obj/kern/monitor.o
 .debug_info    0x0000000000002735     0x1fda obj/kern/pmap.o
 .debug_info    0x000000000000470f     0x11bc obj/kern/env.o
 .debug_info    0x00000000000058cb      0x1ee obj/kern/kclock.o
 .debug_info    0x0000000000005ab9      0x40c obj/kern/picirq.o
 .debug_info    0x0000000000005ec5      0x1ec obj/kern/printf.o
 .debug_info    0x00000000000060b1      0xfc9 obj/kern/trap.o
 .debug_info    0x000000000000707a       0x66 obj/kern/trapentry.o
 .debug_info    0x00000000000070e0      0x7c5 obj/kern/sched.o
 .debug_info    0x00000000000078a5      0xcec obj/kern/syscall.o
 .debug_info    0x0000000000008591     0x147e obj/kern/kdebug.o
 .debug_info    0x0000000000009a0f      0x5f5 obj/kern/printfmt.o
 .debug_info    0x000000000000a004      0x169 obj/kern/readline.o
 .debug_info    0x000000000000a16d      0x6a6 obj/kern/string.o
 .debug_info    0x000000000000a813     0x1425 obj/kern/libdwarf_rw.o
 .debug_info    0x000000000000bc38     0x1094 obj/kern/libdwarf_frame.o
 .debug_info    0x000000000000cccc      0xdf0 obj/kern/libdwarf_lineno.o
 .debug_info    0x000000000000dabc      0x96b obj/kern/elf_rw.o
 .debug_info    0x000000000000e427       0x64 obj/kern/mpentry.o
 .debug_info    0x000000000000e48b      0xbd0 obj/kern/mpconfig.o
 .debug_info    0x000000000000f05b      0x80c obj/kern/lapic.o
 .debug_info    0x000000000000f867      0x970 obj/kern/spinlock.o

.debug_abbrev   0x0000000000000000     0x2caf
 *(.debug_abbrev)
 .debug_abbrev  0x0000000000000000       0x14 obj/kern/bootstrap.o
 .debug_abbrev  0x0000000000000014       0x14 obj/kern/entry.o
 .debug_abbrev  0x0000000000000028      0x23f obj/kern/init.o
 .debug_abbrev  0x0000000000000267      0x2d5 obj/kern/console.o
 .debug_abbrev  0x000000000000053c      0x292 obj/kern/monitor.o
 .debug_abbrev  0x00000000000007ce      0x317 obj/kern/pmap.o
 .debug_abbrev  0x0000000000000ae5      0x31c obj/kern/env.o
 .debug_abbrev  0x0000000000000e01      0x102 obj/kern/kclock.o
 .debug_abbrev  0x0000000000000f03       0xd6 obj/kern/picirq.o
 .debug_abbrev  0x0000000000000fd9       0xef obj/kern/printf.o
 .debug_abbrev  0x00000000000010c8      0x36d obj/kern/trap.o
 .debug_abbrev  0x0000000000001435       0x14 obj/kern/trapentry.o
 .debug_abbrev  0x0000000000001449      0x1b7 obj/kern/sched.o
 .debug_abbrev  0x0000000000001600      0x22a obj/kern/syscall.o
 .debug_abbrev  0x000000000000182a      0x264 obj/kern/kdebug.o
 .debug_abbrev  0x0000000000001a8e      0x1e6 obj/kern/printfmt.o
 .debug_abbrev  0x0000000000001c74       0xab obj/kern/readline.o
 .debug_abbrev  0x0000000000001d1f      0x115 obj/kern/string.o
 .debug_abbrev  0x0000000000001e34      0x1f8 obj/kern/libdwarf_rw.o
 .debug_abbrev  0x000000000000202c      0x22a obj/kern/libdwarf_frame.o
 .debug_abbrev  0x0000000000002256      0x223 obj/kern/libdwarf_lineno.o
 .debug_abbrev  0x0000000000002479      0x1e0 obj/kern/elf_rw.o
 .debug_abbrev  0x0000000000002659       0x14 obj/kern/mpentry.o
 .debug_abbrev  0x000000000000266d      0x22e obj/kern/mpconfig.o
 .debug_abbrev  0x000000000000289b      0x1d5 obj/kern/lapic.o
 .debug_abbrev  0x0000000000002a70      0x23f obj/kern/spinlock.o

.debug_line     0x0000000000000000     0x3b33
 *(.debug_line)
 .debug_line    0x0000000000000000       0x99 obj/kern/bootstrap.o
 .debug_line    0x0000000000000099       0x51 obj/kern/entry.o
 .debug_line    0x00000000000000ea      0x191 obj/kern/init.o
 .debug_line    0x000000000000027b      0x2a5 obj/kern/console.o
 .debug_line    0x0000000000000520      0x295 obj/kern/monitor.o
 .debug_line    0x00000000000007b5      0xdd1 obj/kern/pmap.o
 .debug_line    0x0000000000001586      0x33a obj/kern/env.o
 .debug_line    0x00000000000018c0       0x86 obj/kern/kclock.o
 .debug_line    0x0000000000001946       0x9d obj/kern/picirq.o
 .debug_line    0x00000000000019e3       0x7f obj/kern/printf.o
 .debug_line    0x0000000000001a62      0x31b obj/kern/trap.o
 .debug_line    0x0000000000001d7d       0x81 obj/kern/trapentry.o
 .debug_line    0x0000000000001dfe      0x186 obj/kern/sched.o
 .debug_line    0x0000000000001f84      0x25e obj/kern/syscall.o
 .debug_line    0x00000000000021e2      0x1d0 obj/kern/kdebug.o
 .debug_line    0x00000000000023b2      0x282 obj/kern/printfmt.o
 .debug_line    0x0000000000002634       0x8c obj/kern/readline.o
 .debug_line    0x00000000000026c0      0x1e8 obj/kern/string.o
 .debug_line    0x00000000000028a8      0x45a obj/kern/libdwarf_rw.o
 .debug_line    0x0000000000002d02      0x4f9 obj/kern/libdwarf_frame.o
 .debug_line    0x00000000000031fb      0x206 obj/kern/libdwarf_lineno.o
 .debug_line    0x0000000000003401      0x229 obj/kern/elf_rw.o
 .debug_line    0x000000000000362a       0x74 obj/kern/mpentry.o
 .debug_line    0x000000000000369e      0x1d0 obj/kern/mpconfig.o
 .debug_line    0x000000000000386e      0x15e obj/kern/lapic.o
 .debug_line    0x00000000000039cc      0x167 obj/kern/spinlock.o

.debug_frame
 *(.debug_frame)

.debug_str      0x0000000000000000     0x2982
 *(.debug_str)
 .debug_str     0x0000000000000000      0x59d obj/kern/init.o
                                        0x62c (size before relaxing)
 .debug_str     0x000000000000059d      0x14e obj/kern/console.o
                                        0x2be (size before relaxing)
 .debug_str     0x00000000000006eb      0x1fc obj/kern/monitor.o
                                        0x6de (size before relaxing)
 .debug_str     0x00000000000008e7      0x573 obj/kern/pmap.o
                                        0xaae (size before relaxing)
 .debug_str     0x0000000000000e5a      0x26a obj/kern/env.o
                                        0x8f6 (size before relaxing)
 .debug_str     0x00000000000010c4       0x31 obj/kern/kclock.o
                                        0x17b (size before relaxing)
 .debug_str     0x00000000000010f5       0x2d obj/kern/picirq.o
                                        0x1a6 (size before relaxing)
 .debug_str     0x0000000000001122       0x17 obj/kern/printf.o
                                        0x1b0 (size before relaxing)
 .debug_str     0x0000000000001139      0x1b2 obj/kern/trap.o
                                        0x786 (size before relaxing)
 .debug_str     0x00000000000012eb       0x29 obj/kern/sched.o
                                        0x56a (size before relaxing)
 .debug_str     0x0000000000001314      0x1f4 obj/kern/syscall.o
                                        0x7e9 (size before relaxing)
 .debug_str     0x0000000000001508      0x905 obj/kern/kdebug.o
                                        0xf57 (size before relaxing)
 .debug_str     0x0000000000001e0d       0x99 obj/kern/printfmt.o
                                        0x350 (size before relaxing)
 .debug_str     0x0000000000001ea6       0x27 obj/kern/readline.o
                                        0x1ec (size before relaxing)
 .debug_str     0x0000000000001ecd       0x9e obj/kern/string.o
                                        0x209 (size before relaxing)
 .debug_str     0x0000000000001f6b      0x262 obj/kern/libdwarf_rw.o
                                        0xbff (size before relaxing)
 .debug_str     0x00000000000021cd      0x2dd obj/kern/libdwarf_frame.o
                                        0xb58 (size before relaxing)
 .debug_str     0x00000000000024aa      0x1bd obj/kern/libdwarf_lineno.o
                                        0xba6 (size before relaxing)
 .debug_str     0x0000000000002667      0x1b7 obj/kern/elf_rw.o
                                        0x463 (size before relaxing)
 .debug_str     0x000000000000281e       0xbe obj/kern/mpconfig.o
                                        0x5cc (size before relaxing)
 .debug_str     0x00000000000028dc       0x59 obj/kern/lapic.o
                                        0x521 (size before relaxing)
 .debug_str     0x0000000000002935       0x4d obj/kern/spinlock.o
                                        0x5eb (size before relaxing)

.debug_loc      0x0000000000000000     0x5134
 *(.debug_loc)
 .debug_loc     0x0000000000000000      0x264 obj/kern/init.o
 .debug_loc     0x0000000000000264      0x6c0 obj/kern/console.o
 .debug_loc     0x0000000000000924      0x420 obj/kern/monitor.o
 .debug_loc     0x0000000000000d44      0xc60 obj/kern/pmap.o
 .debug_loc     0x00000000000019a4      0x698 obj/kern/env.o
 .debug_loc     0x000000000000203c       0xc0 obj/kern/kclock.o
 .debug_loc     0x00000000000020fc       0xc0 obj/kern/picirq.o
 .debug_loc     0x00000000000021bc      0x120 obj/kern/printf.o
 .debug_loc     0x00000000000022dc      0x3ac obj/kern/trap.o
 .debug_loc     0x0000000000002688      0x180 obj/kern/sched.o
 .debug_loc     0x0000000000002808      0x5ec obj/kern/syscall.o
 .debug_loc     0x0000000000002df4       0xc0 obj/kern/kdebug.o
 .debug_loc     0x0000000000002eb4      0x300 obj/kern/printfmt.o
 .debug_loc     0x00000000000031b4       0x60 obj/kern/readline.o
 .debug_loc     0x0000000000003214      0x660 obj/kern/string.o
 .debug_loc     0x0000000000003874      0x900 obj/kern/libdwarf_rw.o
 .debug_loc     0x0000000000004174      0x540 obj/kern/libdwarf_frame.o
 .debug_loc     0x00000000000046b4      0x180 obj/kern/libdwarf_lineno.o
 .debug_loc     0x0000000000004834      0x240 obj/kern/elf_rw.o
 .debug_loc     0x0000000000004a74      0x1e0 obj/kern/mpconfig.o
 .debug_loc     0x0000000000004c54      0x2a0 obj/kern/lapic.o
 .debug_loc     0x0000000000004ef4      0x240 obj/kern/spinlock.o

.comment        0x0000000000000000       0x2b
 .comment       0x0000000000000000       0x2b obj/kern/init.o
                                         0x2c (size before relaxing)
 .comment       0x0000000000000000       0x2c obj/kern/console.o
 .comment       0x0000000000000000       0x2c obj/kern/monitor.o
 .comment       0x0000000000000000       0x2c obj/kern/pmap.o
 .comment       0x0000000000000000       0x2c obj/kern/env.o
 .comment       0x0000000000000000       0x2c obj/kern/kclock.o
 .comment       0x0000000000000000       0x2c obj/kern/picirq.o
 .comment       0x0000000000000000       0x2c obj/kern/printf.o
 .comment       0x0000000000000000       0x2c obj/kern/trap.o
 .comment       0x0000000000000000       0x2c obj/kern/sched.o
 .comment       0x0000000000000000       0x2c obj/kern/syscall.o
 .comment       0x0000000000000000       0x2c obj/kern/kdebug.o
 .comment       0x0000000000000000       0x2c obj/kern/printfmt.o
 .comment       0x0000000000000000       0x2c obj/kern/readline.o
 .comment       0x0000000000000000       0x2c obj/kern/string.o
 .comment       0x0000000000000000       0x2c obj/kern/libdwarf_rw.o
 .comment       0x0000000000000000       0x2c obj/kern/libdwarf_frame.o
 .comment       0x0000000000000000       0x2c obj/kern/libdwarf_lineno.o
 .comment       0x0000000000000000       0x2c obj/kern/elf_rw.o
 .comment       0x0000000000000000       0x2c obj/kern/mpconfig.o
 .comment       0x0000000000000000       0x2c obj/kern/lapic.o
 .comment       0x0000000000000000       0x2c obj/kern/spinlock.o

.debug_macinfo
 *(.debug_macinfo)

.debug_weaknames
 *(.debug_weaknames)

.debug_funcnames
 *(.debug_funcnames)

.debug_typenames
 *(.debug_typenames)

.debug_varnames
 *(.debug_varnames)

/DISCARD/
 *(.note.GNU-stack)
LOAD obj/kern/entry.o
LOAD obj/kern/bootstrap.o
LOAD obj/kern/init.o
LOAD obj/kern/console.o
LOAD obj/kern/monitor.o
LOAD obj/kern/pmap.o
LOAD obj/kern/env.o
LOAD obj/kern/kclock.o
LOAD obj/kern/picirq.o
LOAD obj/kern/printf.o
LOAD obj/kern/trap.o
LOAD obj/kern/trapentry.o
LOAD obj/kern/sched.o
LOAD obj/kern/syscall.o
LOAD obj/kern/kdebug.o
LOAD obj/kern/printfmt.o
LOAD obj/kern/readline.o
LOAD obj/kern/string.o
LOAD obj/kern/libdwarf_rw.o
LOAD obj/kern/libdwarf_frame.o
LOAD obj/kern/libdwarf_lineno.o
LOAD obj/kern/elf_rw.o
LOAD obj/kern/mpentry.o
LOAD obj/kern/mpconfig.o
LOAD obj/kern/lapic.o
LOAD obj/kern/spinlock.o
LOAD /usr/lib/gcc/i686-linux-gnu/4.8/libgcc.a
TARGET(binary)
LOAD obj/user/hello
LOAD obj/user/idle
LOAD obj/user/yield
LOAD obj/user/dumbfork
LOAD obj/user/stresssched
LOAD obj/user/faultdie
LOAD obj/user/faultregs
LOAD obj/user/faultalloc
LOAD obj/user/faultallocbad
LOAD obj/user/faultnostack
LOAD obj/user/faultbadhandler
LOAD obj/user/faultevilhandler
LOAD obj/user/forktree
LOAD obj/user/sendpage
LOAD obj/user/spin
LOAD obj/user/fairness
LOAD obj/user/pingpong
LOAD obj/user/pingpongs
LOAD obj/user/primes
LOAD obj/user/testfile
LOAD obj/user/writemotd
LOAD obj/user/spawnhello
LOAD obj/user/icode
LOAD obj/fs/fs
LOAD obj/user/testpteshare
LOAD obj/user/testfdsharing
LOAD obj/user/testpipe
LOAD obj/user/testpiperace
LOAD obj/user/testpiperace2
LOAD obj/user/primespipe
LOAD obj/user/testkbd
LOAD obj/user/testshell
OUTPUT(obj/kern/kernel elf64-x86-64)
